---
source: src/grid/mod.rs
expression: result.boundaries
---
Boundaries:
  BoundaryIndex(0, 0)
  BoundaryIndex(0, 1)
  BoundaryIndex(0, 2)
  BoundaryIndex(1, 0)
  BoundaryIndex(1, 2)
  BoundaryIndex(2, 0)
  BoundaryIndex(2, 2)
  BoundaryIndex(3, 0)
  BoundaryIndex(3, 1)
  BoundaryIndex(3, 2)
Sorted Boundary List:
  ((0, 0), [None, None, None, None])
  ((0, 1), [None, Some((1, 1)), None, None])
  ((0, 2), [None, None, None, None])
  ((1, 0), [None, None, None, Some((1, 1))])
  ((1, 2), [None, None, Some((1, 1)), None])
  ((2, 0), [None, None, None, Some((2, 1))])
  ((2, 2), [None, None, Some((2, 1)), None])
  ((3, 0), [None, None, None, None])
  ((3, 1), [Some((2, 1)), None, None, None])
  ((3, 2), [None, None, None, None])
