---
source: src/grid/mod.rs
expression: grid
---
{
  "size": [
    2,
    3
  ],
  "pressure": {
    "v": 1,
    "dim": [
      2,
      3
    ],
    "data": [
      0.0,
      0.0,
      0.0,
      0.0,
      0.0,
      0.0
    ]
  },
  "u": {
    "v": 1,
    "dim": [
      2,
      3
    ],
    "data": [
      0.0,
      0.0,
      0.0,
      0.0,
      0.0,
      0.0
    ]
  },
  "v": {
    "v": 1,
    "dim": [
      2,
      3
    ],
    "data": [
      0.0,
      0.0,
      0.0,
      0.0,
      0.0,
      0.0
    ]
  },
  "cell_type": {
    "v": 1,
    "dim": [
      2,
      3
    ],
    "data": [
      "Fluid",
      "Fluid",
      "Fluid",
      "Fluid",
      "Fluid",
      "Fluid"
    ]
  }
}
