---
source: src/grid/mod.rs
expression: result
---
{
  "size": [
    4,
    3
  ],
  "pressure": {
    "v": 1,
    "dim": [
      4,
      3
    ],
    "data": [
      0.0,
      0.2539642899437815,
      0.0,
      0.2539642899437815,
      0.2539669433626628,
      0.2539642899437815,
      -0.1460294667176743,
      -0.146030992433531,
      -0.1460294667176743,
      0.0,
      -0.1460294667176743,
      0.0
    ]
  },
  "u": {
    "v": 1,
    "dim": [
      4,
      3
    ],
    "data": [
      -0.999998967898097,
      1.0,
      -0.999998967898097,
      -0.999998967898097,
      0.999998967898097,
      -0.999998967898097,
      -0.999998967898097,
      0.999998967898097,
      -0.999998967898097,
      -1.0,
      1.0,
      -1.0
    ]
  },
  "v": {
    "v": 1,
    "dim": [
      4,
      3
    ],
    "data": [
      0.0,
      0.0,
      0.0,
      0.0,
      0.0,
      0.0,
      0.0,
      0.0,
      0.0,
      0.0,
      0.0,
      0.0
    ]
  },
  "cell_type": {
    "v": 1,
    "dim": [
      4,
      3
    ],
    "data": [
      {
        "Boundary": "NoSlip"
      },
      {
        "Boundary": {
          "Inflow": {
            "velocity": [
              1.0,
              0.0
            ]
          }
        }
      },
      {
        "Boundary": "NoSlip"
      },
      {
        "Boundary": "NoSlip"
      },
      "Fluid",
      {
        "Boundary": "NoSlip"
      },
      {
        "Boundary": "NoSlip"
      },
      "Fluid",
      {
        "Boundary": "NoSlip"
      },
      {
        "Boundary": "NoSlip"
      },
      {
        "Boundary": "Outflow"
      },
      {
        "Boundary": "NoSlip"
      }
    ]
  }
}
