---
source: src/simulation.rs
expression: sim
---
{
  "size": [
    4,
    3
  ],
  "cell_size": [
    0.1,
    0.2
  ],
  "delt": 0.005,
  "gamma": 0.9,
  "reynolds": 100.0,
  "initial_norm_squared": 0.0,
  "sor_absolute_epsilon": 0.001,
  "max_iterations": 100,
  "iterations": 101,
  "time": 0.5050000000000003,
  "omega": 1.7,
  "grid": {
    "size": [
      4,
      3
    ],
    "pressure": {
      "v": 1,
      "dim": [
        4,
        3
      ],
      "data": [
        0.0,
        2000.0736599413933,
        0.0,
        2000.0736599413933,
        2000.073659941392,
        2000.0736599413933,
        1999.9736599413927,
        1999.9736599413927,
        1999.9736599413927,
        0.0,
        1999.9736599413927,
        0.0
      ]
    },
    "u": {
      "v": 1,
      "dim": [
        4,
        3
      ],
      "data": [
        0.0,
        1.0,
        0.0,
        -1.0000000000000044,
        0.9999999999999669,
        -1.0000000000000044,
        -0.999999999999938,
        0.999999999999938,
        -0.999999999999938,
        0.0,
        0.999999999999938,
        0.0
      ]
    },
    "v": {
      "v": 1,
      "dim": [
        4,
        3
      ],
      "data": [
        0.0,
        -0.0,
        0.0,
        0.0,
        -0.00000000000003410605131648481,
        0.0,
        0.0,
        0.0,
        0.0,
        0.0,
        0.0,
        0.0
      ]
    },
    "cell_type": {
      "v": 1,
      "dim": [
        4,
        3
      ],
      "data": [
        {
          "Boundary": "NoSlip"
        },
        {
          "Boundary": {
            "Inflow": {
              "velocity": [
                1.0,
                0.0
              ]
            }
          }
        },
        {
          "Boundary": "NoSlip"
        },
        {
          "Boundary": "NoSlip"
        },
        "Fluid",
        {
          "Boundary": "NoSlip"
        },
        {
          "Boundary": "NoSlip"
        },
        "Fluid",
        {
          "Boundary": "NoSlip"
        },
        {
          "Boundary": "NoSlip"
        },
        {
          "Boundary": "Outflow"
        },
        {
          "Boundary": "NoSlip"
        }
      ]
    }
  }
}
